[10] platform_init()
[10] target_init()
[50] SDHC Running in HS200 mode
[60] WARNING: All phase passed.The selected phase may not be optimal
[70] Done initialization of the card
[70] pm8x41_get_is_cold_boot: cold boot
[80] No 'frp' partition found
[80] Not able to search the panel:
[120] ERROR: splash Partition invalid
[120] Config MIPI_VIDEO_PANEL.
[120] Turn on MIPI_VIDEO_PANEL.
[140] Video lane tested successfully
[170] pm8x41_get_is_cold_boot: cold boot
[170] Invalid partition index
[170] Invalid partition index
[170] Invalid partition index
[180] fastboot_init()
[180] Error: ssd partition not found
[280] USB init ept @ 0x8f69d000
[300] udc_start()
[420] -- reset --
[430] -- portchange --
[540] -- reset --
[540] -- portchange --
[730] fastboot: processing commands
[10360] fastboot: download:01295800
[10960] fastboot: boot
[10960] DTB Total entry: 15, DTB version: 2
[10960] platform_dt_match_best: Dafna
[10970] Using DTB entry 0x000000ce/00000000/0x00010018/0 for device 0x000000ce/00010000/0x00010018/0
[10980] Using pmic info 0x2000b/0x0/0x0/0x0 for device 0x2000b/0x0/0x0/0x0
[11000] cmdline: root=/dev/disk/by-partlabel/rootfs rw rootwait rootdelay=20 console=ttyMSM0,115200n8 earlycon=msm_serial_dm,0x78b0000 androidboot.em:
[11020] Updating device tree: start
[11120] Updating device tree: done
[11130] Turn off MIPI_VIDEO_PANEL.
[11210] booting linux @ 0x80080000, ramdisk @ 0x82000000 (3714984), tags/device tree @ 0x81e00000
[11220] Jumping to kernel via monitor
[    0.000000] Booting Linux on physical CPU 0x0
[    0.000000] Initializing cgroup subsys cpuset
[    0.000000] Initializing cgroup subsys cpu
[    0.000000] Initializing cgroup subsys cpuacct
[    0.000000] Linux version 4.4.23+ (dafna@guri) (gcc version 5.4.0 20160609 (Ubuntu/Linaro 5.4.0-6ubuntu1~16.04.4) ) #8 SMP PREEMPT Sun Apr 30 15:07
[    0.000000] Boot CPU: AArch64 Processor [410fd030]
[    0.000000] earlycon: Early serial console at MMIO 0x78b0000 (options '')
[    0.000000] bootconsole [uart0] enabled
[    0.000000] efi: Getting EFI parameters from FDT:
[    0.000000] efi: UEFI not found.
[    0.000000] Reserved memory: OVERLAP DETECTED!
[    0.000000] hypervisor_region@86400000 (0x0000000086400000--0x0000000086800000) overlaps with rmtfs@86700000 (0x0000000086700000--0x00000000867e00)
[    0.000000] Reserved memory: OVERLAP DETECTED!
[    0.000000] modem_adsp_region@86800000 (0x0000000086800000--0x000000008b000000) overlaps with wcnss@89300000 (0x0000000089300000--0x00000000899000)
[    0.000000] cma: Reserved 64 MiB at 0x00000000bc000000
[    0.000000] psci: probing for conduit method from DT.
[    0.000000] psci: PSCIv1.0 detected in firmware.
[    0.000000] psci: Using standard PSCI v0.2 function IDs
[    0.000000] psci: MIGRATE_INFO_TYPE not supported.
[    0.000000] PERCPU: Embedded 17 pages/cpu @ffffffc03bf3d000 s29464 r8192 d31976 u69632
[    0.000000] Detected VIPT I-cache on CPU0
[    0.000000] CPU features: enabling workaround for ARM errata 826319, 827319, 824069
[    0.000000] CPU features: enabling workaround for ARM erratum 845719
[    0.000000] Built 1 zonelists in Zone order, mobility grouping on.  Total pages: 234108
[    0.000000] Kernel command line: root=/dev/disk/by-partlabel/rootfs rw rootwait rootdelay=20 console=ttyMSM0,115200n8 earlycon=msm_serial_dm,0x78b:
[    0.000000] log_buf_len individual max cpu contribution: 4096 bytes
[    0.000000] log_buf_len total cpu_extra contributions: 12288 bytes
[    0.000000] log_buf_len min size: 16384 bytes
[    0.000000] log_buf_len: 32768 bytes
[    0.000000] early log buf free: 13916(84%)
[    0.000000] PID hash table entries: 4096 (order: 3, 32768 bytes)
[    0.000000] Dentry cache hash table entries: 131072 (order: 8, 1048576 bytes)
[    0.000000] Inode-cache hash table entries: 65536 (order: 7, 524288 bytes)
[    0.000000] software IO TLB [mem 0xb6c00000-0xbac00000] (64MB) mapped at [ffffffc036c00000-ffffffc03abfffff]
[    0.000000] Memory: 780428K/951296K available (9246K kernel code, 1199K rwdata, 3760K rodata, 972K init, 589K bss, 105332K reserved, 65536K cma-re)
[    0.000000] Virtual kernel memory layout:
[    0.000000]     vmalloc : 0xffffff8000000000 - 0xffffffbdbfff0000   (   246 GB)
[    0.000000]     vmemmap : 0xffffffbdc0000000 - 0xffffffbfc0000000   (     8 GB maximum)
[    0.000000]               0xffffffbdc0000000 - 0xffffffbdc1000000   (    16 MB actual)
[    0.000000]     fixed   : 0xffffffbffa7fd000 - 0xffffffbffac00000   (  4108 KB)
[    0.000000]     PCI I/O : 0xffffffbffae00000 - 0xffffffbffbe00000   (    16 MB)
[    0.000000]     modules : 0xffffffbffc000000 - 0xffffffc000000000   (    64 MB)
[    0.000000]     memory  : 0xffffffc000000000 - 0xffffffc040000000   (  1024 MB)
[    0.000000]       .init : 0xffffffc000d36000 - 0xffffffc000e29000   (   972 KB)
[    0.000000]       .text : 0xffffffc000080000 - 0xffffffc000d35ae4   ( 13015 KB)
[    0.000000]       .data : 0xffffffc000e3d000 - 0xffffffc000f68e00   (  1200 KB)
[    0.000000] SLUB: HWalign=64, Order=0-3, MinObjects=0, CPUs=4, Nodes=1
[    0.000000] Preemptible hierarchical RCU implementation.
[    0.000000]  Build-time adjustment of leaf fanout to 64.
[    0.000000]  RCU restricting CPUs from NR_CPUS=64 to nr_cpu_ids=4.
[    0.000000] RCU: Adjusting geometry for rcu_fanout_leaf=64, nr_cpu_ids=4
[    0.000000] NR_IRQS:64 nr_irqs:64 0
[    0.000000] Architected cp15 and mmio timer(s) running at 19.20MHz (virt/virt).
[    0.000000] clocksource: arch_sys_counter: mask: 0xffffffffffffff max_cycles: 0x46d987e47, max_idle_ns: 440795202767 ns
[    0.000005] sched_clock: 56 bits at 19MHz, resolution 52ns, wraps every 4398046511078ns
[    0.011267] Console: colour dummy device 80x25
[    0.018771] Calibrating delay loop (skipped), value calculated using timer frequency.. 38.40 BogoMIPS (lpj=76800)
[    0.031158] pid_max: default: 32768 minimum: 301
[    0.033482] Security Framework initialized
[    0.038441] Mount-cache hash table entries: 2048 (order: 2, 16384 bytes)
[    0.042186] Mountpoint-cache hash table entries: 2048 (order: 2, 16384 bytes)
[    0.049655] Initializing cgroup subsys io
[    0.056092] Initializing cgroup subsys memory
[    0.060091] Initializing cgroup subsys devices
[    0.064414] Initializing cgroup subsys freezer
[    0.068753] Initializing cgroup subsys net_cls
[    0.073181] Initializing cgroup subsys perf_event
[    0.077608] Initializing cgroup subsys net_prio
[    0.082386] Initializing cgroup subsys hugetlb
[    0.086720] Initializing cgroup subsys pids
[    0.091267] ftrace: allocating 31481 entries in 123 pages
[    0.162485] EFI services will not be available.
[    0.162524] ASID allocator initialised with 65536 entries
[    0.202548] Detected VIPT I-cache on CPU1
[    0.202593] CPU1: Booted secondary processor [410fd030]
[    0.214574] Detected VIPT I-cache on CPU2
[    0.214611] CPU2: Booted secondary processor [410fd030]
[    0.226591] Detected VIPT I-cache on CPU3
[    0.226624] CPU3: Booted secondary processor [410fd030]
[    0.226683] Brought up 4 CPUs
[    0.253103] SMP: Total of 4 processors activated.
[    0.256227] CPU: All CPU(s) started at EL1
[    0.260938] alternatives: patching kernel code
[    0.265558] devtmpfs: initialized
[    0.291021] DMI not present or invalid.
[    0.291350] clocksource: jiffies: mask: 0xffffffff max_cycles: 0xffffffff, max_idle_ns: 7645041785100000 ns
[    0.296357] pinctrl core: initialized pinctrl subsystem
[    0.303668] in regulator_init before call to regulator_dummy_init, Dafna
[    0.308736] bus: 'platform': really_probe: probing driver reg-dummy with device reg-dummy
[    0.315572] in platform_device (drivers/vase/platform.c)
[    0.323621] in platform_device 
[    0.329150] driver: 'reg-dummy': driver_bound: bound to device 'reg-dummy'
[    0.331854] bus: 'platform': really_probe: bound device reg-dummy to driver reg-dummy
[    0.339916] NET: Registered protocol family 16
[    0.362759] cpuidle: using governor ladder
[    0.378777] cpuidle: using governor menu
[    0.379128] vdso: 2 pages (1 code @ ffffffc000e45000, 1 data @ ffffffc000e44000)
[    0.381783] hw-breakpoint: found 6 breakpoint and 4 watchpoint registers.
[    0.390112] DMA: preallocated 256 KiB pool for atomic allocations
[    0.396009] Serial: AMBA PL011 UART driver
[    0.404425] bus: 'platform': really_probe: probing driver msm8916-pinctrl with device 1000000.pinctrl
[    0.405938] in platform_device (drivers/vase/platform.c)
[    0.415183] in platform_device 
[    0.421623] driver: 'msm8916-pinctrl': driver_bound: bound to device '1000000.pinctrl'
[    0.423425] bus: 'platform': really_probe: bound device 1000000.pinctrl to driver msm8916-pinctrl
[    0.431576] bus: 'platform': really_probe: probing driver gcc-msm8916 with device 1800000.qcom,gcc
[    0.440398] in platform_device (drivers/vase/platform.c)
[    0.449210] in platform_device 
[    0.457920] driver: 'gcc-msm8916': driver_bound: bound to device '1800000.qcom,gcc'
[    0.457948] bus: 'platform': really_probe: bound device 1800000.qcom,gcc to driver gcc-msm8916
[    0.465479] bus: 'platform': really_probe: probing driver qcom_hwspinlock with device soc:hwlock
[    0.473898] in platform_device (drivers/vase/platform.c)
[    0.482805] in platform_device 
[    0.488210] driver: 'qcom_hwspinlock': driver_bound: bound to device 'soc:hwlock'
[    0.490960] bus: 'platform': really_probe: bound device soc:hwlock to driver qcom_hwspinlock
[    0.505304] irq: no irq domain found for /hexagon-smp2p/slave-kernel !
[    0.507958] irq: no irq domain found for /wcnss-smp2p/slave-kernel !
[    0.514760] of_amba_device_create(): amba_device_add() failed (-517) for /soc/tpiu@820000
[    0.520056] of_amba_device_create(): amba_device_add() failed (-517) for /soc/funnel@821000
[    0.528117] of_amba_device_create(): amba_device_add() failed (-517) for /soc/replicator@824000
[    0.536276] of_amba_device_create(): amba_device_add() failed (-517) for /soc/etf@825000
[    0.544957] of_amba_device_create(): amba_device_add() failed (-517) for /soc/etr@826000
[    0.553287] of_amba_device_create(): amba_device_add() failed (-517) for /soc/funnel@841000
[    0.561377] of_amba_device_create(): amba_device_add() failed (-517) for /soc/etm@85c000
[    0.569437] of_amba_device_create(): amba_device_add() failed (-517) for /soc/etm@85d000
[    0.577775] of_amba_device_create(): amba_device_add() failed (-517) for /soc/etm@85e000
[    0.585839] of_amba_device_create(): amba_device_add() failed (-517) for /soc/etm@85f000
[    0.594786] irq: no irq domain found for /soc/qcom,mdss_mdp@1a00000 !
[    0.602791] bus: 'platform': really_probe: probing driver qcom-smem with device smem
[    0.608280] in platform_device (drivers/vase/platform.c)
[    0.616052] in platform_device 
[    0.621448] driver: 'qcom-smem': driver_bound: bound to device 'smem'
[    0.624205] bus: 'platform': really_probe: bound device smem to driver qcom-smem
[    0.630939] bus: 'platform': really_probe: probing driver qcom-smd with device smd
[    0.638306] in platform_device (drivers/vase/platform.c)
[    0.645651] in platform_device 
[    0.651715] driver: 'qcom-smd': driver_bound: bound to device 'smd'
[    0.653979] bus: 'platform': really_probe: bound device smd to driver qcom-smd
[    0.685814] bus: 'platform': really_probe: probing driver reg-fixed-voltage with device soc:fixedregulator@0
[    0.685877] in platform_device (drivers/vase/platform.c)
[    0.694903] in platform_device 
[    0.700211] driver: 'reg-fixed-voltage': driver_bound: bound to device 'soc:fixedregulator@0'
[    0.702867] bus: 'platform': really_probe: bound device soc:fixedregulator@0 to driver reg-fixed-voltage
[    0.711574] bus: 'platform': really_probe: probing driver reg-fixed-voltage with device soc:fixedregulator@1
[    0.721133] in platform_device (drivers/vase/platform.c)
[    0.730911] in platform_device 
[    0.736375] driver: 'reg-fixed-voltage': driver_bound: bound to device 'soc:fixedregulator@1'
[    0.739064] bus: 'platform': really_probe: bound device soc:fixedregulator@1 to driver reg-fixed-voltage
[    0.747768] bus: 'platform': really_probe: probing driver reg-fixed-voltage with device soc:fixedregulator@2
[    0.757323] in platform_device (drivers/vase/platform.c)
[    0.767108] in platform_device 
[    0.772573] driver: 'reg-fixed-voltage': driver_bound: bound to device 'soc:fixedregulator@2'
[    0.775261] bus: 'platform': really_probe: bound device soc:fixedregulator@2 to driver reg-fixed-voltage
[    0.784200] vgaarb: loaded
[    0.793767] SCSI subsystem initialized
[    0.796533] usbcore: registered new interface driver usbfs
[    0.799810] usbcore: registered new interface driver hub
[    0.805306] usbcore: registered new device driver usb
[    0.810846] media: Linux media interface: v0.10
[    0.815685] Linux video capture interface: v2.00
[    0.820173] dmi: Firmware registration failed.
[    0.825495] Bluetooth: Core ver 2.21
[    0.829117] NET: Registered protocol family 31
[    0.832805] Bluetooth: HCI device and connection manager initialized
[    0.837085] Bluetooth: HCI socket layer initialized
[    0.843583] Bluetooth: L2CAP socket layer initialized
[    0.848207] Bluetooth: SCO socket layer initialized
[    0.854315] clocksource: Switched to clocksource arch_sys_counter
[    0.912682] NET: Registered protocol family 2
[    0.913280] TCP established hash table entries: 8192 (order: 4, 65536 bytes)
[    0.916115] TCP bind hash table entries: 8192 (order: 5, 131072 bytes)
[    0.923320] TCP: Hash tables configured (established 8192 bind 8192)
[    0.929560] UDP hash table entries: 512 (order: 2, 16384 bytes)
[    0.936029] UDP-Lite hash table entries: 512 (order: 2, 16384 bytes)
[    0.941824] NET: Registered protocol family 1
[    0.948499] RPC: Registered named UNIX socket transport module.
[    0.952483] RPC: Registered udp transport module.
[    0.958211] RPC: Registered tcp transport module.
[    0.963066] RPC: Registered tcp NFSv4.1 backchannel transport module.
[    0.967993] Unpacking initramfs...
[    1.188556] Freeing initrd memory: 3624K (ffffffc002000000 - ffffffc00238a000)
[    1.188863] bus: 'platform': really_probe: probing driver armv8-pmu with device cpu-pmu
[    1.194736] in platform_device (drivers/vase/platform.c)
[    1.202585] in platform_device 
[    1.208240] hw perfevents: enabled with armv8_pmuv3 PMU driver, 7 counters available
[    1.211026] driver: 'armv8-pmu': driver_bound: bound to device 'cpu-pmu'
[    1.218989] bus: 'platform': really_probe: bound device cpu-pmu to driver armv8-pmu
[    1.225910] kvm [1]: HYP mode not available
[    1.234371] bus: 'platform': really_probe: probing driver alarmtimer with device alarmtimer
[    1.237220] in platform_device (drivers/vase/platform.c)
[    1.245542] in platform_device 
[    1.251100] driver: 'alarmtimer': driver_bound: bound to device 'alarmtimer'
[    1.253955] bus: 'platform': really_probe: bound device alarmtimer to driver alarmtimer
[    1.261724] futex hash table entries: 1024 (order: 5, 131072 bytes)
[    1.269105] audit: initializing netlink subsys (disabled)
[    1.275261] audit: type=2000 audit(1.031:1): initialized
[    1.281561] HugeTLB registered 2 MB page size, pre-allocated 0 pages
[    1.295911] VFS: Disk quotas dquot_6.6.0
[    1.296126] VFS: Dquot-cache hash table entries: 512 (order 0, 4096 bytes)
[    1.301787] NFS: Registering the id_resolver key type
[    1.305621] Key type id_resolver registered
[    1.310706] Key type id_legacy registered
[    1.314923] fuse init (API version 7.23)
[    1.319486] 9p: Installing v9fs 9p2000 file system support
[    1.325986] io scheduler noop registered
[    1.328368] io scheduler cfq registered (default)
[    1.334437] bus: 'platform': really_probe: probing driver bam-dma-engine with device 7884000.dma
[    1.336858] in platform_device (drivers/vase/platform.c)
[    1.345691] in platform_device 
[    1.352535] driver: 'bam-dma-engine': driver_bound: bound to device '7884000.dma'
[    1.353845] bus: 'platform': really_probe: bound device 7884000.dma to driver bam-dma-engine
[    1.366506] Serial: 8250/16550 driver, 4 ports, IRQ sharing disabled
[    1.371044] bus: 'platform': really_probe: probing driver serial8250 with device serial8250
[    1.376366] in platform_device (drivers/vase/platform.c)
[    1.384413] in platform_device 
[    1.389959] driver: 'serial8250': driver_bound: bound to device 'serial8250'
[    1.392834] bus: 'platform': really_probe: bound device serial8250 to driver serial8250
[    1.400857] bus: 'platform': really_probe: probing driver msm_serial with device 78af000.serial
[    1.408055] in platform_device (drivers/vase/platform.c)
[    1.416523] in platform_device 
[    1.422093] msm_serial 78af000.serial: msm_serial: detected port #1
[    1.425080] msm_serial 78af000.serial: uartclk = 3686400
[    1.431267] 78af000.serial: ttyMSM1 at MMIO 0x78af000 (irq = 137, base_baud = 230400) is a MSM
[    1.437023] driver: 'msm_serial': driver_bound: bound to device '78af000.serial'
[    1.445184] bus: 'platform': really_probe: bound device 78af000.serial to driver msm_serial
[    1.452739] bus: 'platform': really_probe: probing driver msm_serial with device 78b0000.serial
[    1.460953] in platform_device (drivers/vase/platform.c)
[    1.469474] in platf���f��fxf�~��fx����f���`�f�~����f��f�fxf������fxf�������f��f�fxf���xf~f��~fx��~�`����f���`�~���`�~����fd
[    1.518297] console [ttyMSM0] enabled
[    1.520937] bootconsole [uart0] disabled
[    1.520937] bootconsole [uart0] disabled
[    1.528824] driver: 'msm_serial': driver_bound: bound to device '78b0000.serial'
[    1.532492] bus: 'platform': really_probe: bound device 78b0000.serial to driver msm_serial
[    1.540012] msm_serial: driver initialized
[    1.548677] [drm] Initialized drm 1.1.0 20060810
[    1.552248] bus: 'platform': really_probe: probing driver msm_dsi_phy with device 1a98300.qcom,mdss_dsi_phy
[    1.556910] in platform_device (drivers/vase/platform.c)
[    1.566341] in platform_device 
[    1.572064] msm_dsi_phy 1a98300.qcom,mdss_dsi_phy: Failed to get supply 'vddio': -517
[    1.574773] msm_dsi_phy 1a98300.qcom,mdss_dsi_phy: dsi_phy_regulator_init: failed to init regulator, ret=-517
[    1.582753] msm_dsi_phy 1a98300.qcom,mdss_dsi_phy: dsi_phy_driver_probe: failed to init regulator
[    1.592847] bus: 'platform': really_probe: probing driver msm_dsi with device 1a98000.qcom,mdss_dsi
[    1.601525] in platform_device (drivers/vase/platform.c)
[    1.610351] in platform_device 
[    1.615912] driver: 'msm_dsi': driver_bound: bound to device '1a98000.qcom,mdss_dsi'
[    1.618777] bus: 'platform': really_probe: bound device 1a98000.qcom,mdss_dsi to driver msm_dsi
[    1.627276] bus: 'platform': really_probe: probing driver adreno with device 1c00000.qcom,adreno-3xx
[    1.635210] in platform_device (drivers/vase/platform.c)
[    1.644547] in platform_device 
[    1.649924] driver: 'adreno': driver_bound: bound to device '1c00000.qcom,adreno-3xx'
[    1.652715] bus: 'platform': really_probe: bound device 1c00000.qcom,adreno-3xx to driver adreno
[    1.660867] bus: 'platform': really_probe: probing driver msm with device 1a00000.qcom,mdss_mdp
[    1.669575] in platform_device (drivers/vase/platform.c)
[    1.677972] in platform_device 
[    1.685135] 1a98000.qcom,mdss_dsi supply gdsc not found, using dummy regulator
[    1.686490] 1a98000.qcom,mdss_dsi supply gdsc not found, using dummy regulator
[    1.693789] msm_dsi 1a98000.qcom,mdss_dsi: Failed to get supply 'vdd': -517
[    1.700923] dsi_regulator_init: failed to init regulator, ret=-517
[    1.707749] msm_dsi_host_init: regulator init failed
[    1.714024] msm 1a00000.qcom,mdss_mdp: failed to bind 1a98000.qcom,mdss_dsi (ops dsi_ops): -517
[    1.719762] msm 1a00000.qcom,mdss_mdp: master bind failed: -517
[    1.734639] loop: module loaded
[    1.735831] bus: 'platform': really_probe: probing driver spi_qup with device 78b7000.spi
[    1.736832] in platform_device (drivers/vase/platform.c)
[    1.745020] in platform_device 
[    1.750882] spi_qup 78b7000.spi: IN:block:16, fifo:64, OUT:block:16, fifo:64
[    1.753523] driver: 'spi_qup': driver_bound: bound to device '78b7000.spi'
[    1.760473] bus: 'platform': really_probe: bound device 78b7000.spi to driver spi_qup
[    1.767203] bus: 'platform': really_probe: probing driver spi_qup with device 78b9000.spi
[    1.775354] in platform_device (drivers/vase/platform.c)
[    1.783212] in platform_device 
[    1.788926] spi_qup 78b9000.spi: IN:block:16, fifo:64, OUT:block:16, fifo:64
[    1.791809] driver: 'spi_qup': driver_bound: bound to device '78b9000.spi'
[    1.798751] bus: 'platform': really_probe: bound device 78b9000.spi to driver spi_qup
[    1.805727] bus: 'platform': really_probe: probing driver spmi_pmic_arb with device 200f000.spmi
[    1.813364] in platform_device (drivers/vase/platform.c)
[    1.822185] in platform_device 
[    1.827514] spmi spmi-0: PMIC Arb Version-2 (0x20010000)
[    1.831031] bus: 'spmi': really_probe: probing driver pmic-spmi with device 0-00
[    1.837035] bus: 'platform': really_probe: probing driver qcom-spmi-gpio with device 200f000.spmi:pm8916@0:gpios@c000
[    1.843320] in platform_device (drivers/vase/platform.c)
[    1.853776] in platform_device 
[    1.859570] driver: 'qcom-spmi-gpio': driver_bound: bound to device '200f000.spmi:pm8916@0:gpios@c000'
[    1.862021] bus: 'platform': really_probe: bound device 200f000.spmi:pm8916@0:gpios@c000 to driver qcom-spmi-gpio
[    1.871701] bus: 'platform': really_probe: probing driver qcom-spmi-mpp with device 200f000.spmi:pm8916@0:mpps@a000
[    1.881809] in platform_device (drivers/vase/platform.c)
[    1.891970] in platform_device 
[    1.898151] driver: 'qcom-spmi-mpp': driver_bound: bound to device '200f000.spmi:pm8916@0:mpps@a000'
[    1.900402] bus: 'platform': really_probe: bound device 200f000.spmi:pm8916@0:mpps@a000 to driver qcom-spmi-mpp
[    1.910394] driver: 'pmic-spmi': driver_bound: bound to device '0-00'
[    1.919585] bus: 'spmi': really_probe: bound device 0-00 to driver pmic-spmi
[    1.926270] bus: 'spmi': really_probe: probing driver pmic-spmi with device 0-01
[    1.933556] bus: 'platform': really_probe: probing driver qcom-spmi-regulator with device 200f000.spmi:pm8916@1:regulators
[    1.940706] in platform_device (drivers/vase/platform.c)
[    1.951523] in platform_device 
[    1.961309] driver: 'qcom-spmi-regulator': driver_bound: bound to device '200f000.spmi:pm8916@1:regulators'
[    1.961344] bus: 'platform': really_probe: bound device 200f000.spmi:pm8916@1:regulators to driver qcom-spmi-regulator
[    1.971030] driver: 'pmic-spmi': driver_bound: bound to device '0-01'
[    1.980628] bus: 'spmi': really_probe: bound device 0-01 to driver pmic-spmi
[    1.987147] driver: 'spmi_pmic_arb': driver_bound: bound to device '200f000.spmi'
[    1.994254] bus: 'platform': really_probe: bound device 200f000.spmi to driver spmi_pmic_arb
[    2.001803] tun: Universal TUN/TAP device driver, 1.6
[    2.010135] tun: (C) 1999-2004 Max Krasnyansky <maxk@qualcomm.com>
[    2.015602] sky2: driver version 1.30
[    2.021605] usbcore: registered new interface driver asix
[    2.024979] usbcore: registered new interface driver ax88179_178a
[    2.030342] usbcore: registered new interface driver cdc_ether
[    2.036404] usbcore: registered new interface driver dm9601
[    2.042139] usbcore: registered new interface driver net1080
[    2.047602] usbcore: registered new interface driver plusb
[    2.053511] usbcore: registered new interface driver cdc_subset
[    2.058806] usbcore: registered new interface driver zaurus
[    2.064656] usbcore: registered new interface driver cdc_ncm
[    2.070202] bus: 'platform': really_probe: probing driver msm_otg with device 78d9000.phy
[    2.076208] in platform_device (drivers/vase/platform.c)
[    2.084092] in platform_device 
[    2.090650] ehci_hcd: USB 2.0 'Enhanced' Host Controller (EHCI) Driver
[    2.092344] ehci-pci: EHCI PCI platform driver
[    2.099001] ehci-platform: EHCI generic platform driver
[    2.103597] ehci-msm: Qualcomm On-Chip EHCI Host Controller
[    2.108544] bus: 'platform': really_probe: probing driver msm_hsusb_host with device 78d9000.ehci
[    2.114082] in platform_device (drivers/vase/platform.c)
[    2.123067] in platform_device 
[    2.128548] msm_hsusb_host 78d9000.ehci: unable to find transceiver
[    2.131441] ohci_hcd: USB 1.1 'Open' Host Controller (OHCI) Driver
[    2.137590] ohci-pci: OHCI PCI platform driver
[    2.143876] ohci-platform: OHCI generic platform driver
[    2.148484] usbcore: registered new interface driver cdc_acm
[    2.153365] cdc_acm: USB Abstract Control Model driver for USB modems and ISDN adapters
[    2.159347] usbcore: registered new interface driver usblp
[    2.167046] usbcore: registered new interface driver cdc_wdm
[    2.172610] usbcore: registered new interface driver uas
[    2.178441] usbcore: registered new interface driver usb-storage
[    2.183777] usbcore: registered new interface driver usbserial
[    2.189691] usbcore: registered new interface driver usbserial_generic
[    2.195337] usbserial: USB Serial support registered for generic
[    2.201979] bus: 'platform': really_probe: probing driver usb3503 with device usb2513
[    2.208004] in platform_device (drivers/vase/platform.c)
[    2.215689] in platform_device 
[    2.231234] usb3503 usb2513: switched to HUB mode
[    2.231257] usb3503 usb2513: usb3503_probe: probed in hub mode
[    2.234927] driver: 'usb3503': driver_bound: bound to device 'usb2513'
[    2.240654] bus: 'platform': really_probe: bound device usb2513 to driver usb3503
[    2.247541] bus: 'platform': really_probe: probing driver msm_hsusb with device 78d9000.usb
[    2.254746] in platform_device (drivers/vase/platform.c)
[    2.262867] in platform_device 
[    2.269276] usbip_core: USB/IP Core v1.0.0
[    2.271357] usbcore: registered new device driver usbip-host
[    2.275472] usbip_host: USB/IP Host Driver v1.0.0
[    2.281648] mousedev: PS/2 mouse device common for all mice
[    2.286343] bus: 'platform': really_probe: probing driver pm8941-pwrkey with device 200f000.spmi:pm8916@0:pwrkey@800
[    2.291300] in platform_device (drivers/vase/platform.c)
[    2.302016] in platform_device 
[    2.307718] input: pm8941_pwrkey as /devices/platform/soc/200f000.spmi/spmi-0/0-00/200f000.spmi:pm8916@0:pwrkey@800/input/input0
[    2.310386] driver: 'pm8941-pwrkey': driver_bound: bound to device '200f000.spmi:pm8916@0:pwrkey@800'
[    2.321995] bus: 'platform': really_probe: bound device 200f000.spmi:pm8916@0:pwrkey@800 to driver pm8941-pwrkey
[    2.331473] bus: 'platform': really_probe: probing driver rtc-pm8xxx with device 200f000.spmi:pm8916@0:rtc@6000
[    2.341384] in platform_device (drivers/vase/platform.c)
[    2.351154] in platform_device 
[    2.357054] rtc-pm8xxx 200f000.spmi:pm8916@0:rtc@6000: rtc core: registered pm8xxx_rtc as rtc0
[    2.359654] driver: 'rtc-pm8xxx': driver_bound: bound to device '200f000.spmi:pm8916@0:rtc@6000'
[    2.368265] bus: 'platform': really_probe: bound device 200f000.spmi:pm8916@0:rtc@6000 to driver rtc-pm8xxx
[    2.377416] i2c /dev entries driver
[    2.387098] bus: 'platform': really_probe: probing driver i2c_qup with device 78b6000.i2c
[    2.390293] in platform_device (drivers/vase/platform.c)
[    2.398460] in platform_device 
[    2.404385] driver: 'i2c_qup': driver_bound: bound to device '78b6000.i2c'
[    2.406713] bus: 'platform': really_probe: bound device 78b6000.i2c to driver i2c_qup
[    2.413668] bus: 'platform': really_probe: probing driver i2c_qup with device 78b8000.i2c
[    2.421720] in platform_device (drivers/vase/platform.c)
[    2.429715] in platform_device 
[    2.435666] driver: 'i2c_qup': driver_bound: bound to device '78b8000.i2c'
[    2.437948] bus: 'platform': really_probe: bound device 78b8000.i2c to driver i2c_qup
[    2.444917] bus: 'platform': really_probe: probing driver i2c_qup with device 78ba000.i2c
[    2.452978] in platform_device (drivers/vase/platform.c)
[    2.460959] in platform_device 
[    2.466797] driver: 'i2c_qup': driver_bound: bound to device '78ba000.i2c'
[    2.469198] bus: 'platform': really_probe: bound device 78ba000.i2c to driver i2c_qup
[    2.476400] bus: 'platform': really_probe: probing driver msm-restart with device 4ab000.restart
[    2.484090] in platform_device (drivers/vase/platform.c)
[    2.492901] in platform_device 
[    2.498211] driver: 'msm-restart': driver_bound: bound to device '4ab000.restart'
[    2.501067] bus: 'platform': really_probe: bound device 4ab000.restart to driver msm-restart
[    2.509337] Bluetooth: HCI UART driver ver 2.3
[    2.517211] Bluetooth: HCI UART protocol H4 registered
[    2.521466] Bluetooth: HCI UART protocol BCSP registered
[    2.526582] Bluetooth: HCI UART protocol Three-wire (H5) registered
[    2.532144] usbcore: registered new interface driver btusb
[    2.538664] sdhci: Secure Digital Host Controller Interface driver
[    2.543604] sdhci: Copyright(c) Pierre Ossman
[    2.549810] Synopsys Designware Multimedia Card Interface Driver
[    2.554673] sdhci-pltfm: SDHCI platform and OF driver helper
[    2.560466] bus: 'platform': really_probe: probing driver sdhci_msm with device 7824900.sdhci
[    2.566270] in platform_device (drivers/vase/platform.c)
[    2.574328] in platform_device 
[    2.586448] bus: 'platform': really_probe: probing driver sdhci_msm with device 7864900.sdhci
[    2.586906] in platform_device (drivers/vase/platform.c)
[    2.593962] in platform_device 
[    2.599451] sdhci_msm 7864900.sdhci: Got CD GPIO
[    2.607847] bus: 'platform': really_probe: probing driver leds-gpio with device soc:leds
[    2.608345] in platform_device (drivers/vase/platform.c)
[    2.615144] in platform_device 
[    2.621408] driver: 'leds-gpio': driver_bound: bound to device 'soc:leds'
[    2.623310] bus: 'platform': really_probe: bound device soc:leds to driver leds-gpio
[    2.630721] ledtrig-cpu: registered to indicate activity on CPUs
[    2.638751] usbcore: registered new interface driver usbhid
[    2.644041] usbhid: USB HID core driver
[    2.649552] bus: 'platform': really_probe: probing driver extcon-usb-gpio with device usb-id
[    2.653356] in platform_device (drivers/vase/platform.c)
[    2.661842] in platform_device 
[    2.667738] driver: 'extcon-usb-gpio': driver_bound: bound to device 'usb-id'
[    2.669988] bus: 'platform': really_probe: bound device usb-id to driver extcon-usb-gpio
[    2.677902] bus: 'platform': really_probe: probing driver qcom,qfprom with device 5c000.qfprom
[    2.685506] in platform_device (drivers/vase/platform.c)
[    2.693864] in platform_device 
[    2.699523] driver: 'qcom,qfprom': driver_bound: bound to device '5c000.qfprom'
[    2.702192] bus: 'platform': really_probe: bound device 5c000.qfprom to driver qcom,qfprom
[    2.710779] NET: Registered protocol family 10
[    2.722979] sit: IPv6 over IPv4 tunneling driver
[    2.723643] NET: Registered protocol family 17
[    2.727408] Bluetooth: RFCOMM TTY layer initialized
[    2.731290] Bluetooth: RFCOMM socket layer initialized
[    2.736076] Bluetooth: RFCOMM ver 1.11
[    2.741274] Bluetooth: HIDP (Human Interface Emulation) ver 1.2
[    2.745006] Bluetooth: HIDP socket layer initialized
[    2.750901] 9pnet: Installing 9P2000 support
[    2.756141] Key type dns_resolver registered
[    2.761550] registered taskstats version 1
[    2.765127] bus: 'platform': really_probe: probing driver msm_dsi_phy with device 1a98300.qcom,mdss_dsi_phy
[    2.768491] in platform_device (drivers/vase/platform.c)
[    2.778072] in platform_device 
[    2.783838] msm_dsi_phy 1a98300.qcom,mdss_dsi_phy: Failed to get supply 'vddio': -517
[    2.786525] msm_dsi_phy 1a98300.qcom,mdss_dsi_phy: dsi_phy_regulator_init: failed to init regulator, ret=-517
[    2.794489] msm_dsi_phy 1a98300.qcom,mdss_dsi_phy: dsi_phy_driver_probe: failed to init regulator
[    2.804678] bus: 'platform': really_probe: probing driver msm with device 1a00000.qcom,mdss_mdp
[    2.813270] in platform_device (drivers/vase/platform.c)
[    2.821734] in platform_device 
[    2.829465] 1a98000.qcom,mdss_dsi supply gdsc not found, using dummy regulator
[    2.830246] 1a98000.qcom,mdss_dsi supply gdsc not found, using dummy regulator
[    2.837572] msm_dsi 1a98000.qcom,mdss_dsi: Failed to get supply 'vdd': -517
[    2.844697] dsi_regulator_init: failed to init regulator, ret=-517
[    2.851506] msm_dsi_host_init: regulator init failed
[    2.857789] msm 1a00000.qcom,mdss_mdp: failed to bind 1a98000.qcom,mdss_dsi (ops dsi_ops): -517
[    2.863962] msm 1a00000.qcom,mdss_mdp: master bind failed: -517
[    2.871612] bus: 'platform': really_probe: probing driver msm_otg with device 78d9000.phy
[    2.877410] in platform_device (drivers/vase/platform.c)
[    2.885532] in platform_device 
[    2.891275] msm_otg 78d9000.phy: OTG regs = ffffff80003fa000
[    2.893833] 78d9000.phy supply vddcx not found, using dummy regulator
[    2.899869] msm_otg 78d9000.phy: Failed to get supply 'v3p3': -517
[    2.906338] bus: 'platform': really_probe: probing driver msm_hsusb_host with device 78d9000.ehci
[    2.912146] in platform_device (drivers/vase/platform.c)
[    2.921035] in platform_device 
[    2.926515] msm_hsusb_host 78d9000.ehci: unable to find transceiver
[    2.929473] bus: 'platform': really_probe: probing driver msm_hsusb with device 78d9000.usb
[    2.935572] in platform_device (drivers/vase/platform.c)
[    2.943868] in platform_device 
[    2.949658] bus: 'platform': really_probe: probing driver sdhci_msm with device 7824900.sdhci
[    2.952614] in platform_device (drivers/vase/platform.c)
[    2.960967] in platform_device 
[    2.973286] bus: 'platform': really_probe: probing driver sdhci_msm with device 7864900.sdhci
[    2.973740] in platform_device (drivers/vase/platform.c)
[    2.980811] in platform_device 
[    2.986286] sdhci_msm 7864900.sdhci: Got CD GPIO
[    2.991962] bus: 'platform': really_probe: probing driver gpio-keys with device gpio_keys
[    2.994024] in platform_device (drivers/vase/platform.c)
[    3.001977] in platform_device 
[    3.007700] input: gpio_keys as /devices/platform/gpio_keys/input/input1
[    3.010564] driver: 'gpio-keys': driver_bound: bound to device 'gpio_keys'
[    3.017181] bus: 'platform': really_probe: bound device gpio_keys to driver gpio-keys
[    3.017402] bus: 'platform': really_probe: probing driver msm_dsi_phy with device 1a98300.qcom,mdss_dsi_phy
[    3.017443] in platform_device (drivers/vase/platform.c)
[    3.017444] in platform_device 
[    3.017614] msm_dsi_phy 1a98300.qcom,mdss_dsi_phy: Failed to get supply 'vddio': -517
[    3.017621] msm_dsi_phy 1a98300.qcom,mdss_dsi_phy: dsi_phy_regulator_init: failed to init regulator, ret=-517
[    3.017627] msm_dsi_phy 1a98300.qcom,mdss_dsi_phy: dsi_phy_driver_probe: failed to init regulator
[    3.017890] bus: 'platform': really_probe: probing driver msm with device 1a00000.qcom,mdss_mdp
[    3.017927] in platform_device (drivers/vase/platform.c)
[    3.017929] in platform_device 
[    3.020292] 1a98000.qcom,mdss_dsi supply gdsc not found, using dummy regulator
[    3.020406] 1a98000.qcom,mdss_dsi supply gdsc not found, using dummy regulator
[    3.020510] msm_dsi 1a98000.qcom,mdss_dsi: Failed to get supply 'vdd': -517
[    3.020545] dsi_regulator_init: failed to init regulator, ret=-517
[    3.020547] msm_dsi_host_init: regulator init failed
[    3.020578] msm 1a00000.qcom,mdss_mdp: failed to bind 1a98000.qcom,mdss_dsi (ops dsi_ops): -517
[    3.021200] msm 1a00000.qcom,mdss_mdp: master bind failed: -517
[    3.021473] bus: 'platform': really_probe: probing driver msm_otg with device 78d9000.phy
[    3.021642] in platform_device (drivers/vase/platform.c)
[    3.021644] in platform_device 
[    3.021967] msm_otg 78d9000.phy: OTG regs = ffffff800049c000
[    3.022030] 78d9000.phy supply vddcx not found, using dummy regulator
[    3.022149] msm_otg 78d9000.phy: Failed to get supply 'v3p3': -517
[    3.022454] bus: 'platform': really_probe: probing driver msm_hsusb_host with device 78d9000.ehci
[    3.022492] in platform_device (drivers/vase/platform.c)
[    3.022494] in platform_device 
[    3.022574] msm_hsusb_host 78d9000.ehci: unable to find transceiver
[    3.022769] bus: 'platform': really_probe: probing driver msm_hsusb with device 78d9000.usb
[    3.022803] in platform_device (drivers/vase/platform.c)
[    3.022804] in platform_device 
[    3.023029] bus: 'platform': really_probe: probing driver sdhci_msm with device 7824900.sdhci
[    3.023348] in platform_device (drivers/vase/platform.c)
[    3.023349] in platform_device 
[    3.032190] bus: 'platform': really_probe: probing driver sdhci_msm with device 7864900.sdhci
[    3.032622] in platform_device (drivers/vase/platform.c)
[    3.032624] in platform_device 
[    3.032752] sdhci_msm 7864900.sdhci: Got CD GPIO
[    3.249757] rtc-pm8xxx 200f000.spmi:pm8916@0:rtc@6000: setting system clock to 1970-01-01 08:13:45 UTC (29625)
[    3.260867] s2: disabling

